
> food-project@0.1.0 build
> next build

   ▲ Next.js 15.4.3

   Creating an optimized production build ...
Failed to compile.

./src/lib/utils.js
Module not found: Can't resolve 'tailwind-merge'

https://nextjs.org/docs/messages/module-not-found

Import trace for requested module:
./src/components/ui/button.jsx
./src/app/page.js


> Build failed because of webpack errors
